[2026-05-16 22:00:07,080] INFO === Detect ===
[2026-05-16 22:00:07,105] INFO Calibration loaded: 1 tasks, created 2026-05-16T21:59:39
[2026-05-16 22:00:07,106] INFO Processing 53 queries → /mnt/data/sftp/data/quangpt3/gcvwm/calibration/feepe/feature_matching_eval_hallucination/artifacts/v1_smoke/summary.csv
[2026-05-16 22:00:07,107] INFO [1/53] 0_Open the box/frame_0000.png
Using cache found in /mnt/data/sftp/data/quangpt3/.cache/torch/hub/facebookresearch_dinov3_adc254450203739c8149213a7a69d8d905b4fcfa
2026-05-16 22:00:14 INFO     romav2.romav2 - romav2:117 in __init__ - RoMa v2 initialized.          
[2026-05-16 22:00:18,417] INFO [2/53] 0_Open the box/frame_0001.png
[2026-05-16 22:00:21,922] INFO [3/53] 0_Open the box/frame_0002.png
[2026-05-16 22:00:24,977] INFO [4/53] 0_Open the box/frame_0003.png
[2026-05-16 22:00:28,191] INFO [5/53] 0_Open the box/frame_0004.png
[2026-05-16 22:00:31,299] INFO [6/53] 0_Open the box/frame_0005.png
[2026-05-16 22:00:34,382] INFO [7/53] 0_Open the box/frame_0006.png
[2026-05-16 22:00:37,708] INFO [8/53] 0_Open the box/frame_0007.png
[2026-05-16 22:00:40,750] INFO [9/53] 0_Open the box/frame_0009.png
[2026-05-16 22:00:43,759] INFO [10/53] 0_Open the box/frame_0011.png
[2026-05-16 22:00:46,804] INFO [11/53] 0_Open the box/frame_0013.png
[2026-05-16 22:00:50,037] INFO [12/53] 0_Open the box/frame_0015.png
[2026-05-16 22:00:53,036] INFO [13/53] 0_Open the box/frame_0016.png
[2026-05-16 22:00:56,164] INFO [14/53] 0_Open the box/frame_0018.png
[2026-05-16 22:00:59,114] INFO [15/53] 0_Open the box/frame_0020.png
[2026-05-16 22:01:02,100] INFO [16/53] 0_Open the box/frame_0022.png
[2026-05-16 22:01:05,065] INFO [17/53] 0_Open the box/frame_0024.png
[2026-05-16 22:01:08,008] INFO [18/53] 0_Open the box/frame_0026.png
[2026-05-16 22:01:11,303] INFO [19/53] 0_Open the box/frame_0028.png
[2026-05-16 22:01:14,312] INFO [20/53] 0_Open the box/frame_0030.png
[2026-05-16 22:01:17,435] INFO [21/53] 0_Open the box/frame_0031.png
[2026-05-16 22:01:20,768] INFO [22/53] 0_Open the box/frame_0033.png
[2026-05-16 22:01:23,811] INFO [23/53] 0_Open the box/frame_0035.png
[2026-05-16 22:01:26,851] INFO [24/53] 0_Open the box/frame_0037.png
[2026-05-16 22:01:29,866] INFO [25/53] 0_Open the box/frame_0039.png
[2026-05-16 22:01:33,204] INFO [26/53] 0_Open the box/frame_0041.png
[2026-05-16 22:01:36,213] INFO [27/53] 0_Open the box/frame_0043.png
[2026-05-16 22:01:39,210] INFO [28/53] 0_Open the box/frame_0045.png
[2026-05-16 22:01:42,470] INFO [29/53] 0_Open the box/frame_0046.png
[2026-05-16 22:01:45,485] INFO [30/53] 0_Open the box/frame_0048.png
[2026-05-16 22:01:48,541] INFO [31/53] 0_Open the box/frame_0050.png
[2026-05-16 22:01:51,749] INFO [32/53] 0_Open the box/frame_0052.png
[2026-05-16 22:01:54,787] INFO [33/53] 0_Open the box/frame_0054.png
[2026-05-16 22:01:57,826] INFO [34/53] 0_Open the box/frame_0056.png
[2026-05-16 22:02:00,908] INFO [35/53] 0_Open the box/frame_0058.png
[2026-05-16 22:02:03,940] INFO [36/53] 0_Open the box/frame_0060.png
[2026-05-16 22:02:07,003] INFO [37/53] 0_Open the box/frame_0061.png
[2026-05-16 22:02:10,386] INFO [38/53] 0_Open the box/frame_0063.png
[2026-05-16 22:02:13,433] INFO [39/53] 0_Open the box/frame_0065.png
[2026-05-16 22:02:16,640] INFO [40/53] 0_Open the box/frame_0067.png
[2026-05-16 22:02:19,694] INFO [41/53] 0_Open the box/frame_0069.png
[2026-05-16 22:02:22,727] INFO [42/53] 0_Open the box/frame_0071.png
[2026-05-16 22:02:25,739] INFO [43/53] 0_Open the box/frame_0073.png
[2026-05-16 22:02:28,731] INFO [44/53] 0_Open the box/frame_0075.png
[2026-05-16 22:02:31,746] INFO [45/53] 0_Open the box/frame_0076.png
[2026-05-16 22:02:34,922] INFO [46/53] 0_Open the box/frame_0078.png
[2026-05-16 22:02:38,246] INFO [47/53] 0_Open the box/frame_0080.png
[2026-05-16 22:02:41,292] INFO [48/53] 0_Open the box/frame_0082.png
[2026-05-16 22:02:44,328] INFO [49/53] 0_Open the box/frame_0084.png
[2026-05-16 22:02:47,378] INFO [50/53] 0_Open the box/frame_0086.png
[2026-05-16 22:02:50,399] INFO [51/53] 0_Open the box/frame_0088.png
[2026-05-16 22:02:53,531] INFO [52/53] 0_Open the box/frame_0090.png
[2026-05-16 22:02:56,600] INFO [53/53] 0_Open the box/frame_0092.png
[2026-05-16 22:02:59,645] INFO Wrote: /mnt/data/sftp/data/quangpt3/gcvwm/calibration/feepe/feature_matching_eval_hallucination/artifacts/v1_smoke/summary.csv
