[2026-05-16 21:56:42,951] INFO === Calibrate ===
[2026-05-16 21:56:42,951] INFO high_dir=/mnt/data/sftp/data/quangpt3/gcvwm/calibration/feepe/feature_matching_eval_hallucination/data/image_no_bg/high  artifacts=artifacts/v1_smoke
[2026-05-16 21:56:42,963] INFO Found 53 refs across 1 tasks
[2026-05-16 21:59:39,136] INFO Done.
[2026-05-16 22:00:07,080] INFO === Detect ===
[2026-05-16 22:00:07,105] INFO Calibration loaded: 1 tasks, created 2026-05-16T21:59:39
[2026-05-16 22:00:07,106] INFO Processing 53 queries → /mnt/data/sftp/data/quangpt3/gcvwm/calibration/feepe/feature_matching_eval_hallucination/artifacts/v1_smoke/summary.csv
[2026-05-16 22:00:07,107] INFO [1/53] 0_Open the box/frame_0000.png
[2026-05-16 22:00:18,417] INFO [2/53] 0_Open the box/frame_0001.png
[2026-05-16 22:00:21,922] INFO [3/53] 0_Open the box/frame_0002.png
[2026-05-16 22:00:24,977] INFO [4/53] 0_Open the box/frame_0003.png
[2026-05-16 22:00:28,191] INFO [5/53] 0_Open the box/frame_0004.png
[2026-05-16 22:00:31,299] INFO [6/53] 0_Open the box/frame_0005.png
[2026-05-16 22:00:34,382] INFO [7/53] 0_Open the box/frame_0006.png
[2026-05-16 22:00:37,708] INFO [8/53] 0_Open the box/frame_0007.png
[2026-05-16 22:00:40,750] INFO [9/53] 0_Open the box/frame_0009.png
[2026-05-16 22:00:43,759] INFO [10/53] 0_Open the box/frame_0011.png
[2026-05-16 22:00:46,804] INFO [11/53] 0_Open the box/frame_0013.png
[2026-05-16 22:00:50,037] INFO [12/53] 0_Open the box/frame_0015.png
[2026-05-16 22:00:53,036] INFO [13/53] 0_Open the box/frame_0016.png
[2026-05-16 22:00:56,164] INFO [14/53] 0_Open the box/frame_0018.png
[2026-05-16 22:00:59,114] INFO [15/53] 0_Open the box/frame_0020.png
[2026-05-16 22:01:02,100] INFO [16/53] 0_Open the box/frame_0022.png
[2026-05-16 22:01:05,065] INFO [17/53] 0_Open the box/frame_0024.png
[2026-05-16 22:01:08,008] INFO [18/53] 0_Open the box/frame_0026.png
[2026-05-16 22:01:11,303] INFO [19/53] 0_Open the box/frame_0028.png
[2026-05-16 22:01:14,312] INFO [20/53] 0_Open the box/frame_0030.png
[2026-05-16 22:01:17,435] INFO [21/53] 0_Open the box/frame_0031.png
[2026-05-16 22:01:20,768] INFO [22/53] 0_Open the box/frame_0033.png
[2026-05-16 22:01:23,811] INFO [23/53] 0_Open the box/frame_0035.png
[2026-05-16 22:01:26,851] INFO [24/53] 0_Open the box/frame_0037.png
[2026-05-16 22:01:29,866] INFO [25/53] 0_Open the box/frame_0039.png
[2026-05-16 22:01:33,204] INFO [26/53] 0_Open the box/frame_0041.png
[2026-05-16 22:01:36,213] INFO [27/53] 0_Open the box/frame_0043.png
[2026-05-16 22:01:39,210] INFO [28/53] 0_Open the box/frame_0045.png
[2026-05-16 22:01:42,470] INFO [29/53] 0_Open the box/frame_0046.png
[2026-05-16 22:01:45,485] INFO [30/53] 0_Open the box/frame_0048.png
[2026-05-16 22:01:48,541] INFO [31/53] 0_Open the box/frame_0050.png
[2026-05-16 22:01:51,749] INFO [32/53] 0_Open the box/frame_0052.png
[2026-05-16 22:01:54,787] INFO [33/53] 0_Open the box/frame_0054.png
[2026-05-16 22:01:57,826] INFO [34/53] 0_Open the box/frame_0056.png
[2026-05-16 22:02:00,908] INFO [35/53] 0_Open the box/frame_0058.png
[2026-05-16 22:02:03,940] INFO [36/53] 0_Open the box/frame_0060.png
[2026-05-16 22:02:07,003] INFO [37/53] 0_Open the box/frame_0061.png
[2026-05-16 22:02:10,386] INFO [38/53] 0_Open the box/frame_0063.png
[2026-05-16 22:02:13,433] INFO [39/53] 0_Open the box/frame_0065.png
[2026-05-16 22:02:16,640] INFO [40/53] 0_Open the box/frame_0067.png
[2026-05-16 22:02:19,694] INFO [41/53] 0_Open the box/frame_0069.png
[2026-05-16 22:02:22,727] INFO [42/53] 0_Open the box/frame_0071.png
[2026-05-16 22:02:25,739] INFO [43/53] 0_Open the box/frame_0073.png
[2026-05-16 22:02:28,731] INFO [44/53] 0_Open the box/frame_0075.png
[2026-05-16 22:02:31,746] INFO [45/53] 0_Open the box/frame_0076.png
[2026-05-16 22:02:34,922] INFO [46/53] 0_Open the box/frame_0078.png
[2026-05-16 22:02:38,246] INFO [47/53] 0_Open the box/frame_0080.png
[2026-05-16 22:02:41,292] INFO [48/53] 0_Open the box/frame_0082.png
[2026-05-16 22:02:44,328] INFO [49/53] 0_Open the box/frame_0084.png
[2026-05-16 22:02:47,378] INFO [50/53] 0_Open the box/frame_0086.png
[2026-05-16 22:02:50,399] INFO [51/53] 0_Open the box/frame_0088.png
[2026-05-16 22:02:53,531] INFO [52/53] 0_Open the box/frame_0090.png
[2026-05-16 22:02:56,600] INFO [53/53] 0_Open the box/frame_0092.png
[2026-05-16 22:02:59,645] INFO Wrote: /mnt/data/sftp/data/quangpt3/gcvwm/calibration/feepe/feature_matching_eval_hallucination/artifacts/v1_smoke/summary.csv
[2026-05-16 22:05:56,630] INFO === Detect ===
[2026-05-16 22:05:56,654] INFO Calibration loaded: 1 tasks, created 2026-05-16T21:59:39
[2026-05-16 22:05:56,656] INFO Processing 53 queries → /mnt/data/sftp/data/quangpt3/gcvwm/calibration/feepe/feature_matching_eval_hallucination/artifacts/v1_smoke/summary.csv
[2026-05-16 22:05:56,658] INFO [1/53] 0_Open the box/frame_0000.png
[2026-05-16 22:06:08,105] INFO [2/53] 0_Open the box/frame_0001.png
[2026-05-16 22:06:11,138] INFO [3/53] 0_Open the box/frame_0002.png
[2026-05-16 22:06:14,170] INFO [4/53] 0_Open the box/frame_0003.png
[2026-05-16 22:06:17,417] INFO [5/53] 0_Open the box/frame_0004.png
[2026-05-16 22:06:20,472] INFO [6/53] 0_Open the box/frame_0005.png
[2026-05-16 22:06:23,559] INFO [7/53] 0_Open the box/frame_0006.png
[2026-05-16 22:06:26,648] INFO [8/53] 0_Open the box/frame_0007.png
[2026-05-16 22:06:29,685] INFO [9/53] 0_Open the box/frame_0009.png
[2026-05-16 22:06:32,743] INFO [10/53] 0_Open the box/frame_0011.png
[2026-05-16 22:06:35,750] INFO [11/53] 0_Open the box/frame_0013.png
[2026-05-16 22:06:39,091] INFO [12/53] 0_Open the box/frame_0015.png
[2026-05-16 22:06:42,093] INFO [13/53] 0_Open the box/frame_0016.png
[2026-05-16 22:06:45,127] INFO [14/53] 0_Open the box/frame_0018.png
[2026-05-16 22:06:48,154] INFO [15/53] 0_Open the box/frame_0020.png
[2026-05-16 22:06:51,185] INFO [16/53] 0_Open the box/frame_0022.png
[2026-05-16 22:06:54,215] INFO [17/53] 0_Open the box/frame_0024.png
[2026-05-16 22:06:57,276] INFO [18/53] 0_Open the box/frame_0026.png
[2026-05-16 22:07:00,534] INFO [19/53] 0_Open the box/frame_0028.png
[2026-05-16 22:07:03,610] INFO [20/53] 0_Open the box/frame_0030.png
[2026-05-16 22:07:06,660] INFO [21/53] 0_Open the box/frame_0031.png
[2026-05-16 22:07:09,726] INFO [22/53] 0_Open the box/frame_0033.png
[2026-05-16 22:07:12,766] INFO [23/53] 0_Open the box/frame_0035.png
[2026-05-16 22:07:15,820] INFO [24/53] 0_Open the box/frame_0037.png
[2026-05-16 22:07:19,108] INFO [25/53] 0_Open the box/frame_0039.png
[2026-05-16 22:07:22,182] INFO [26/53] 0_Open the box/frame_0041.png
[2026-05-16 22:07:25,360] INFO [27/53] 0_Open the box/frame_0043.png
[2026-05-16 22:07:28,585] INFO [28/53] 0_Open the box/frame_0045.png
[2026-05-16 22:07:31,680] INFO [29/53] 0_Open the box/frame_0046.png
[2026-05-16 22:07:34,775] INFO [30/53] 0_Open the box/frame_0048.png
[2026-05-16 22:07:37,865] INFO [31/53] 0_Open the box/frame_0050.png
[2026-05-16 22:07:41,168] INFO [32/53] 0_Open the box/frame_0052.png
[2026-05-16 22:07:44,306] INFO [33/53] 0_Open the box/frame_0054.png
[2026-05-16 22:07:47,656] INFO [34/53] 0_Open the box/frame_0056.png
[2026-05-16 22:07:50,731] INFO [35/53] 0_Open the box/frame_0058.png
[2026-05-16 22:07:53,831] INFO [36/53] 0_Open the box/frame_0060.png
[2026-05-16 22:07:56,883] INFO [37/53] 0_Open the box/frame_0061.png
[2026-05-16 22:07:59,980] INFO [38/53] 0_Open the box/frame_0063.png
[2026-05-16 22:08:03,118] INFO [39/53] 0_Open the box/frame_0065.png
[2026-05-16 22:08:06,248] INFO [40/53] 0_Open the box/frame_0067.png
[2026-05-16 22:08:09,396] INFO [41/53] 0_Open the box/frame_0069.png
[2026-05-16 22:08:12,590] INFO [42/53] 0_Open the box/frame_0071.png
[2026-05-16 22:08:15,742] INFO [43/53] 0_Open the box/frame_0073.png
[2026-05-16 22:08:18,881] INFO [44/53] 0_Open the box/frame_0075.png
[2026-05-16 22:08:21,974] INFO [45/53] 0_Open the box/frame_0076.png
[2026-05-16 22:08:25,316] INFO [46/53] 0_Open the box/frame_0078.png
[2026-05-16 22:08:28,448] INFO [47/53] 0_Open the box/frame_0080.png
[2026-05-16 22:08:31,620] INFO [48/53] 0_Open the box/frame_0082.png
[2026-05-16 22:08:34,769] INFO [49/53] 0_Open the box/frame_0084.png
[2026-05-16 22:08:37,872] INFO [50/53] 0_Open the box/frame_0086.png
[2026-05-16 22:08:41,428] INFO [51/53] 0_Open the box/frame_0088.png
[2026-05-16 22:08:44,505] INFO [52/53] 0_Open the box/frame_0090.png
[2026-05-16 22:08:47,605] INFO [53/53] 0_Open the box/frame_0092.png
[2026-05-16 22:08:50,675] INFO Wrote: /mnt/data/sftp/data/quangpt3/gcvwm/calibration/feepe/feature_matching_eval_hallucination/artifacts/v1_smoke/summary.csv
[2026-05-17 09:19:43,783] INFO === Detect ===
[2026-05-17 09:19:43,808] INFO Calibration loaded: 1 tasks, created 2026-05-16T21:59:39
[2026-05-17 09:19:43,812] INFO Processing 103 queries → /mnt/data/sftp/data/quangpt3/gcvwm/calibration/feepe/feature_matching_eval_hallucination/artifacts/v1_smoke/summary.csv
[2026-05-17 09:19:43,812] INFO [1/103] 0_Open the box/frame_0000.png
[2026-05-17 09:19:55,248] INFO [2/103] 0_Open the box/frame_0001.png
[2026-05-17 09:19:58,274] INFO [3/103] 0_Open the box/frame_0003.png
[2026-05-17 09:20:01,446] INFO [4/103] 0_Open the box/frame_0005.png
[2026-05-17 09:20:04,645] INFO [5/103] 0_Open the box/frame_0007.png
[2026-05-17 09:20:07,662] INFO [6/103] 0_Open the box/frame_0009.png
[2026-05-17 09:20:10,721] INFO [7/103] 0_Open the box/frame_0011.png
[2026-05-17 09:20:13,723] INFO [8/103] 0_Open the box/frame_0013.png
[2026-05-17 09:20:16,756] INFO [9/103] 0_Open the box/frame_0015.png
[2026-05-17 09:20:19,791] INFO [10/103] 0_Open the box/frame_0016.png
[2026-05-17 09:20:22,952] INFO [11/103] 0_Open the box/frame_0018.png
[2026-05-17 09:20:26,636] INFO [12/103] 0_Open the box/frame_0020.png
[2026-05-17 09:20:30,008] INFO [13/103] 0_Open the box/frame_0022.png
[2026-05-17 09:20:33,390] INFO [14/103] 0_Open the box/frame_0024.png
[2026-05-17 09:20:36,518] INFO [15/103] 0_Open the box/frame_0026.png
[2026-05-17 09:20:40,230] INFO [16/103] 0_Open the box/frame_0028.png
[2026-05-17 09:20:43,277] INFO [17/103] 0_Open the box/frame_0030.png
[2026-05-17 09:20:46,327] INFO [18/103] 0_Open the box/frame_0031.png
[2026-05-17 09:20:49,609] INFO [19/103] 0_Open the box/frame_0033.png
[2026-05-17 09:20:52,649] INFO [20/103] 0_Open the box/frame_0035.png
[2026-05-17 09:20:55,735] INFO [21/103] 0_Open the box/frame_0037.png
[2026-05-17 09:20:58,778] INFO [22/103] 0_Open the box/frame_0039.png
[2026-05-17 09:21:01,863] INFO [23/103] 0_Open the box/frame_0041.png
[2026-05-17 09:21:04,837] INFO [24/103] 0_Open the box/frame_0043.png
[2026-05-17 09:21:07,876] INFO [25/103] 0_Open the box/frame_0045.png
[2026-05-17 09:21:10,910] INFO [26/103] 0_Open the box/frame_0046.png
[2026-05-17 09:21:13,922] INFO [27/103] 0_Open the box/frame_0048.png
[2026-05-17 09:21:16,946] INFO [28/103] 0_Open the box/frame_0050.png
[2026-05-17 09:21:19,982] INFO [29/103] 0_Open the box/frame_0052.png
[2026-05-17 09:21:22,975] INFO [30/103] 0_Open the box/frame_0054.png
[2026-05-17 09:21:25,979] INFO [31/103] 0_Open the box/frame_0056.png
[2026-05-17 09:21:29,165] INFO [32/103] 0_Open the box/frame_0058.png
[2026-05-17 09:21:32,210] INFO [33/103] 0_Open the box/frame_0060.png
[2026-05-17 09:21:35,241] INFO [34/103] 0_Open the box/frame_0061.png
[2026-05-17 09:21:38,286] INFO [35/103] 0_Open the box/frame_0063.png
[2026-05-17 09:21:41,507] INFO [36/103] 0_Open the box/frame_0065.png
[2026-05-17 09:21:44,481] INFO [37/103] 0_Open the box/frame_0067.png
[2026-05-17 09:21:47,882] INFO [38/103] 0_Open the box/frame_0069.png
[2026-05-17 09:21:50,875] INFO [39/103] 0_Open the box/frame_0071.png
[2026-05-17 09:21:53,859] INFO [40/103] 0_Open the box/frame_0073.png
[2026-05-17 09:21:56,813] INFO [41/103] 0_Open the box/frame_0075.png
[2026-05-17 09:21:59,800] INFO [42/103] 0_Open the box/frame_0076.png
[2026-05-17 09:22:02,857] INFO [43/103] 0_Open the box/frame_0078.png
[2026-05-17 09:22:05,859] INFO [44/103] 0_Open the box/frame_0080.png
[2026-05-17 09:22:08,860] INFO [45/103] 0_Open the box/frame_0082.png
[2026-05-17 09:22:12,070] INFO [46/103] 0_Open the box/frame_0084.png
[2026-05-17 09:22:15,057] INFO [47/103] 0_Open the box/frame_0086.png
[2026-05-17 09:22:18,076] INFO [48/103] 0_Open the box/frame_0088.png
[2026-05-17 09:22:21,074] INFO [49/103] 0_Open the box/frame_0090.png
[2026-05-17 09:22:24,083] INFO [50/103] 0_Open the box/frame_0092.png
[2026-05-17 09:22:27,226] INFO [51/103] 0_Open the box/frame_0000.png
[2026-05-17 09:22:30,265] INFO [52/103] 0_Open the box/frame_0001.png
[2026-05-17 09:22:33,333] INFO [53/103] 0_Open the box/frame_0002.png
[2026-05-17 09:22:36,351] INFO [54/103] 0_Open the box/frame_0003.png
[2026-05-17 09:22:39,437] INFO [55/103] 0_Open the box/frame_0004.png
[2026-05-17 09:22:42,510] INFO [56/103] 0_Open the box/frame_0005.png
[2026-05-17 09:22:45,582] INFO [57/103] 0_Open the box/frame_0006.png
[2026-05-17 09:22:48,661] INFO [58/103] 0_Open the box/frame_0007.png
[2026-05-17 09:22:51,881] INFO [59/103] 0_Open the box/frame_0009.png
[2026-05-17 09:22:54,903] INFO [60/103] 0_Open the box/frame_0011.png
[2026-05-17 09:22:57,952] INFO [61/103] 0_Open the box/frame_0013.png
[2026-05-17 09:23:01,221] INFO [62/103] 0_Open the box/frame_0015.png
[2026-05-17 09:23:04,289] INFO [63/103] 0_Open the box/frame_0016.png
[2026-05-17 09:23:07,356] INFO [64/103] 0_Open the box/frame_0018.png
[2026-05-17 09:23:10,824] INFO [65/103] 0_Open the box/frame_0020.png
[2026-05-17 09:23:13,861] INFO [66/103] 0_Open the box/frame_0022.png
[2026-05-17 09:23:17,461] INFO [67/103] 0_Open the box/frame_0024.png
[2026-05-17 09:23:20,795] INFO [68/103] 0_Open the box/frame_0026.png
[2026-05-17 09:23:23,838] INFO [69/103] 0_Open the box/frame_0028.png
[2026-05-17 09:23:26,895] INFO [70/103] 0_Open the box/frame_0030.png
[2026-05-17 09:23:29,953] INFO [71/103] 0_Open the box/frame_0031.png
[2026-05-17 09:23:33,048] INFO [72/103] 0_Open the box/frame_0033.png
[2026-05-17 09:23:36,543] INFO [73/103] 0_Open the box/frame_0035.png
[2026-05-17 09:23:39,767] INFO [74/103] 0_Open the box/frame_0037.png
[2026-05-17 09:23:42,819] INFO [75/103] 0_Open the box/frame_0039.png
[2026-05-17 09:23:45,911] INFO [76/103] 0_Open the box/frame_0041.png
[2026-05-17 09:23:48,986] INFO [77/103] 0_Open the box/frame_0043.png
[2026-05-17 09:23:52,056] INFO [78/103] 0_Open the box/frame_0045.png
[2026-05-17 09:23:55,399] INFO [79/103] 0_Open the box/frame_0046.png
[2026-05-17 09:23:58,468] INFO [80/103] 0_Open the box/frame_0048.png
[2026-05-17 09:24:01,572] INFO [81/103] 0_Open the box/frame_0050.png
[2026-05-17 09:24:04,667] INFO [82/103] 0_Open the box/frame_0052.png
[2026-05-17 09:24:07,783] INFO [83/103] 0_Open the box/frame_0054.png
[2026-05-17 09:24:10,863] INFO [84/103] 0_Open the box/frame_0056.png
[2026-05-17 09:24:13,949] INFO [85/103] 0_Open the box/frame_0058.png
[2026-05-17 09:24:17,260] INFO [86/103] 0_Open the box/frame_0060.png
[2026-05-17 09:24:20,378] INFO [87/103] 0_Open the box/frame_0061.png
[2026-05-17 09:24:23,461] INFO [88/103] 0_Open the box/frame_0063.png
[2026-05-17 09:24:26,598] INFO [89/103] 0_Open the box/frame_0065.png
[2026-05-17 09:24:29,703] INFO [90/103] 0_Open the box/frame_0067.png
[2026-05-17 09:24:32,855] INFO [91/103] 0_Open the box/frame_0069.png
[2026-05-17 09:24:35,971] INFO [92/103] 0_Open the box/frame_0071.png
[2026-05-17 09:24:39,103] INFO [93/103] 0_Open the box/frame_0073.png
[2026-05-17 09:24:42,479] INFO [94/103] 0_Open the box/frame_0075.png
[2026-05-17 09:24:45,581] INFO [95/103] 0_Open the box/frame_0076.png
[2026-05-17 09:24:48,664] INFO [96/103] 0_Open the box/frame_0078.png
[2026-05-17 09:24:51,752] INFO [97/103] 0_Open the box/frame_0080.png
[2026-05-17 09:24:54,824] INFO [98/103] 0_Open the box/frame_0082.png
[2026-05-17 09:24:58,029] INFO [99/103] 0_Open the box/frame_0084.png
[2026-05-17 09:25:01,589] INFO [100/103] 0_Open the box/frame_0086.png
[2026-05-17 09:25:04,675] INFO [101/103] 0_Open the box/frame_0088.png
[2026-05-17 09:25:08,047] INFO [102/103] 0_Open the box/frame_0090.png
[2026-05-17 09:25:11,332] INFO [103/103] 0_Open the box/frame_0092.png
[2026-05-17 09:25:14,376] INFO Wrote: /mnt/data/sftp/data/quangpt3/gcvwm/calibration/feepe/feature_matching_eval_hallucination/artifacts/v1_smoke/summary.csv
[2026-05-17 09:26:31,980] INFO === Detect ===
[2026-05-17 09:26:32,004] INFO Calibration loaded: 1 tasks, created 2026-05-16T21:59:39
[2026-05-17 09:26:32,006] INFO Processing 103 queries → /mnt/data/sftp/data/quangpt3/gcvwm/calibration/feepe/feature_matching_eval_hallucination/artifacts/v1_smoke/summary.csv
[2026-05-17 09:26:32,007] INFO [1/103] 0_Open the box/frame_0000.png
[2026-05-17 09:26:43,130] INFO [2/103] 0_Open the box/frame_0001.png
[2026-05-17 09:26:46,138] INFO [3/103] 0_Open the box/frame_0003.png
[2026-05-17 09:26:49,442] INFO [4/103] 0_Open the box/frame_0005.png
[2026-05-17 09:26:52,631] INFO [5/103] 0_Open the box/frame_0007.png
[2026-05-17 09:26:55,683] INFO [6/103] 0_Open the box/frame_0009.png
[2026-05-17 09:26:58,719] INFO [7/103] 0_Open the box/frame_0011.png
[2026-05-17 09:27:01,791] INFO [8/103] 0_Open the box/frame_0013.png
[2026-05-17 09:27:04,788] INFO [9/103] 0_Open the box/frame_0015.png
[2026-05-17 09:27:07,815] INFO [10/103] 0_Open the box/frame_0016.png
[2026-05-17 09:27:11,061] INFO [11/103] 0_Open the box/frame_0018.png
[2026-05-17 09:27:14,095] INFO [12/103] 0_Open the box/frame_0020.png
[2026-05-17 09:27:17,319] INFO [13/103] 0_Open the box/frame_0022.png
[2026-05-17 09:27:20,312] INFO [14/103] 0_Open the box/frame_0024.png
[2026-05-17 09:27:23,393] INFO [15/103] 0_Open the box/frame_0026.png
[2026-05-17 09:27:26,375] INFO [16/103] 0_Open the box/frame_0028.png
[2026-05-17 09:27:29,410] INFO [17/103] 0_Open the box/frame_0030.png
[2026-05-17 09:27:32,508] INFO [18/103] 0_Open the box/frame_0031.png
[2026-05-17 09:27:35,827] INFO [19/103] 0_Open the box/frame_0033.png
[2026-05-17 09:27:39,119] INFO [20/103] 0_Open the box/frame_0035.png
[2026-05-17 09:27:42,269] INFO [21/103] 0_Open the box/frame_0037.png
[2026-05-17 09:27:45,283] INFO [22/103] 0_Open the box/frame_0039.png
[2026-05-17 09:27:48,307] INFO [23/103] 0_Open the box/frame_0041.png
[2026-05-17 09:27:51,310] INFO [24/103] 0_Open the box/frame_0043.png
[2026-05-17 09:27:54,304] INFO [25/103] 0_Open the box/frame_0045.png
[2026-05-17 09:27:57,342] INFO [26/103] 0_Open the box/frame_0046.png
[2026-05-17 09:28:00,390] INFO [27/103] 0_Open the box/frame_0048.png
[2026-05-17 09:28:03,443] INFO [28/103] 0_Open the box/frame_0050.png
[2026-05-17 09:28:06,942] INFO [29/103] 0_Open the box/frame_0052.png
[2026-05-17 09:28:09,998] INFO [30/103] 0_Open the box/frame_0054.png
[2026-05-17 09:28:12,981] INFO [31/103] 0_Open the box/frame_0056.png
[2026-05-17 09:28:16,185] INFO [32/103] 0_Open the box/frame_0058.png
[2026-05-17 09:28:19,195] INFO [33/103] 0_Open the box/frame_0060.png
[2026-05-17 09:28:22,209] INFO [34/103] 0_Open the box/frame_0061.png
[2026-05-17 09:28:25,207] INFO [35/103] 0_Open the box/frame_0063.png
[2026-05-17 09:28:28,222] INFO [36/103] 0_Open the box/frame_0065.png
[2026-05-17 09:28:31,242] INFO [37/103] 0_Open the box/frame_0067.png
[2026-05-17 09:28:34,214] INFO [38/103] 0_Open the box/frame_0069.png
[2026-05-17 09:28:37,203] INFO [39/103] 0_Open the box/frame_0071.png
[2026-05-17 09:28:40,204] INFO [40/103] 0_Open the box/frame_0073.png
[2026-05-17 09:28:43,668] INFO [41/103] 0_Open the box/frame_0075.png
[2026-05-17 09:28:46,701] INFO [42/103] 0_Open the box/frame_0076.png
[2026-05-17 09:28:49,738] INFO [43/103] 0_Open the box/frame_0078.png
[2026-05-17 09:28:52,789] INFO [44/103] 0_Open the box/frame_0080.png
[2026-05-17 09:28:55,806] INFO [45/103] 0_Open the box/frame_0082.png
[2026-05-17 09:28:59,062] INFO [46/103] 0_Open the box/frame_0084.png
[2026-05-17 09:29:02,137] INFO [47/103] 0_Open the box/frame_0086.png
[2026-05-17 09:29:05,167] INFO [48/103] 0_Open the box/frame_0088.png
[2026-05-17 09:29:08,145] INFO [49/103] 0_Open the box/frame_0090.png
[2026-05-17 09:29:11,200] INFO [50/103] 0_Open the box/frame_0092.png
[2026-05-17 09:29:14,192] INFO [51/103] 0_Open the box/frame_0000.png
[2026-05-17 09:29:17,227] INFO [52/103] 0_Open the box/frame_0001.png
[2026-05-17 09:29:20,761] INFO [53/103] 0_Open the box/frame_0002.png
[2026-05-17 09:29:23,785] INFO [54/103] 0_Open the box/frame_0003.png
[2026-05-17 09:29:26,849] INFO [55/103] 0_Open the box/frame_0004.png
[2026-05-17 09:29:30,169] INFO [56/103] 0_Open the box/frame_0005.png
[2026-05-17 09:29:33,269] INFO [57/103] 0_Open the box/frame_0006.png
[2026-05-17 09:29:36,378] INFO [58/103] 0_Open the box/frame_0007.png
[2026-05-17 09:29:39,621] INFO [59/103] 0_Open the box/frame_0009.png
[2026-05-17 09:29:42,686] INFO [60/103] 0_Open the box/frame_0011.png
[2026-05-17 09:29:45,728] INFO [61/103] 0_Open the box/frame_0013.png
[2026-05-17 09:29:48,757] INFO [62/103] 0_Open the box/frame_0015.png
[2026-05-17 09:29:52,075] INFO [63/103] 0_Open the box/frame_0016.png
[2026-05-17 09:29:55,090] INFO [64/103] 0_Open the box/frame_0018.png
[2026-05-17 09:29:58,122] INFO [65/103] 0_Open the box/frame_0020.png
[2026-05-17 09:30:01,168] INFO [66/103] 0_Open the box/frame_0022.png
[2026-05-17 09:30:04,201] INFO [67/103] 0_Open the box/frame_0024.png
[2026-05-17 09:30:07,254] INFO [68/103] 0_Open the box/frame_0026.png
[2026-05-17 09:30:10,314] INFO [69/103] 0_Open the box/frame_0028.png
[2026-05-17 09:30:13,341] INFO [70/103] 0_Open the box/frame_0030.png
[2026-05-17 09:30:16,385] INFO [71/103] 0_Open the box/frame_0031.png
[2026-05-17 09:30:19,476] INFO [72/103] 0_Open the box/frame_0033.png
[2026-05-17 09:30:22,753] INFO [73/103] 0_Open the box/frame_0035.png
[2026-05-17 09:30:25,819] INFO [74/103] 0_Open the box/frame_0037.png
[2026-05-17 09:30:29,123] INFO [75/103] 0_Open the box/frame_0039.png
[2026-05-17 09:30:32,220] INFO [76/103] 0_Open the box/frame_0041.png
[2026-05-17 09:30:35,254] INFO [77/103] 0_Open the box/frame_0043.png
[2026-05-17 09:30:38,306] INFO [78/103] 0_Open the box/frame_0045.png
[2026-05-17 09:30:41,360] INFO [79/103] 0_Open the box/frame_0046.png
[2026-05-17 09:30:44,414] INFO [80/103] 0_Open the box/frame_0048.png
[2026-05-17 09:30:47,477] INFO [81/103] 0_Open the box/frame_0050.png
[2026-05-17 09:30:50,529] INFO [82/103] 0_Open the box/frame_0052.png
[2026-05-17 09:30:53,604] INFO [83/103] 0_Open the box/frame_0054.png
[2026-05-17 09:30:56,643] INFO [84/103] 0_Open the box/frame_0056.png
[2026-05-17 09:30:59,666] INFO [85/103] 0_Open the box/frame_0058.png
[2026-05-17 09:31:03,017] INFO [86/103] 0_Open the box/frame_0060.png
[2026-05-17 09:31:06,083] INFO [87/103] 0_Open the box/frame_0061.png
[2026-05-17 09:31:09,162] INFO [88/103] 0_Open the box/frame_0063.png
[2026-05-17 09:31:12,250] INFO [89/103] 0_Open the box/frame_0065.png
[2026-05-17 09:31:15,296] INFO [90/103] 0_Open the box/frame_0067.png
[2026-05-17 09:31:18,372] INFO [91/103] 0_Open the box/frame_0069.png
[2026-05-17 09:31:21,437] INFO [92/103] 0_Open the box/frame_0071.png
[2026-05-17 09:31:24,538] INFO [93/103] 0_Open the box/frame_0073.png
[2026-05-17 09:31:27,611] INFO [94/103] 0_Open the box/frame_0075.png
[2026-05-17 09:31:30,702] INFO [95/103] 0_Open the box/frame_0076.png
[2026-05-17 09:31:33,773] INFO [96/103] 0_Open the box/frame_0078.png
[2026-05-17 09:31:36,833] INFO [97/103] 0_Open the box/frame_0080.png
[2026-05-17 09:31:39,939] INFO [98/103] 0_Open the box/frame_0082.png
[2026-05-17 09:31:43,025] INFO [99/103] 0_Open the box/frame_0084.png
[2026-05-17 09:31:46,316] INFO [100/103] 0_Open the box/frame_0086.png
[2026-05-17 09:31:49,440] INFO [101/103] 0_Open the box/frame_0088.png
[2026-05-17 09:31:52,850] INFO [102/103] 0_Open the box/frame_0090.png
[2026-05-17 09:31:55,930] INFO [103/103] 0_Open the box/frame_0092.png
[2026-05-17 09:31:59,026] INFO Wrote: /mnt/data/sftp/data/quangpt3/gcvwm/calibration/feepe/feature_matching_eval_hallucination/artifacts/v1_smoke/summary.csv
